../Core/Src/main.c:95:5:main	8	static
../Core/Src/main.c:146:6:SystemClock_Config	88	static
../Core/Src/main.c:188:13:MX_RTC_Init	8	static
../Core/Src/main.c:232:13:MX_TIM14_Init	8	static
../Core/Src/main.c:263:13:MX_USART1_UART_Init	8	static
../Core/Src/main.c:309:13:MX_DMA_Init	16	static
../Core/Src/main.c:327:13:MX_GPIO_Init	48	static
../Core/Src/main.c:355:6:m138_init	16	static
../Core/Src/main.c:368:6:send_at_command_2_swarm	40	static
../Core/Src/main.c:385:6:clean_array	24	static
../Core/Src/main.c:392:9:nmea_checksum	24	static
../Core/Src/main.c:403:6:HAL_UARTEx_RxEventCallback	24	static
../Core/Src/main.c:414:6:HAL_TIM_PeriodElapsedCallback	16	static
../Core/Src/main.c:428:6:Error_Handler	8	static,ignoring_inline_asm
