../Core/Src/main.c:118:5:main	16	static
../Core/Src/main.c:170:6:SystemClock_Config	88	static
../Core/Src/main.c:211:13:MX_TIM14_Init	8	static
../Core/Src/main.c:242:13:MX_USART1_UART_Init	8	static
../Core/Src/main.c:288:13:MX_DMA_Init	16	static
../Core/Src/main.c:306:13:MX_GPIO_Init	48	static
../Core/Src/main.c:334:7:m138_get_voltage	16	static
../Core/Src/main.c:350:6:m138_init	16	static
../Core/Src/main.c:388:6:send_at_command_2_swarm	40	static
../Core/Src/main.c:420:6:clean_array	24	static
../Core/Src/main.c:427:9:nmea_checksum	24	static
../Core/Src/main.c:438:6:HAL_UARTEx_RxEventCallback	16	static
../Core/Src/main.c:447:6:HAL_TIM_PeriodElapsedCallback	16	static
../Core/Src/main.c:461:6:Error_Handler	8	static,ignoring_inline_asm
